// Jest Snapshot v1, https://goo.gl/fbAQLP

exports[`Правильное отображение компонента ErrorPopup 1`] = `
<div
  className="popup popup-error"
  style={
    Object {
      "backgroundColor": "rgba(0,0,0, 0.5)",
      "height": "100%",
      "left": 0,
      "position": "fixed",
      "top": 0,
      "width": "100%",
      "zIndex": 9999,
    }
  }
>
  <div
    className="popup popup__inner"
    style={
      Object {
        "alignItems": "center",
        "backgroundColor": "rgb(255, 255, 255)",
        "display": "flex",
        "flexDirection": "column",
        "font": "inherit",
        "fontSize": "18px",
        "left": "calc(80px)",
        "padding": "40px",
        "position": "absolute",
        "top": "40%",
        "width": "calc(100% - 160px)",
      }
    }
  >
    <p
      className="popup__text"
    >
      Message
    </p>
    <button
      className="popup__close-button button"
      onClick={[Function]}
      style={
        Object {
          "backgroundColor": "#4481c3",
          "borderRadius": "3px",
          "color": "#fff",
          "padding": "16px 30px 13px",
        }
      }
    >
      Close
    </button>
  </div>
</div>
`;
